[2026-05-09 07:44:05] À: asfr@gmai.co | Sujet: Confirmation de votre achat Merrytti
Bonjour,

Nous vous confirmons l'achat de votre carte cadeau.

Service : Spa & Détente
Date de réservation : 2027-05-20 19:00:00

Merci de votre confiance.
L'équipe Merrytti
----------------------------------------
[2026-05-11 12:50:54] À: Merrytti@gmail.com | Sujet: Confirmation de votre achat Merrytti
Bonjour,

Nous vous confirmons l'achat de votre carte cadeau.

Service : Escapade Tropicale
Date de réservation : 2027-05-20 19:00:00

Merci de votre confiance.
L'équipe Merrytti
----------------------------------------
[2026-05-10 12:28:06] À: Merrytti@g.com | Sujet: Vous avez reçu un cadeau Merrytti !
Bonjour,

Quelqu'un vous a offert un cadeau !

Service : Escapade Tropicale
Code unique : 6CFF76BD2578

Pour voir votre cadeau, visitez : http://127.0.0.1/carte-cadeau.html?code=6CFF76BD2578

Profitez bien !
L'équipe Merrytti
----------------------------------------
